============================= test session starts =============================
platform win32 -- Python 3.11.9, pytest-8.4.1, pluggy-1.6.0 -- c:\Users\safal\OneDrive\Documente\GitHub\resonance-liminal\.venv\Scripts\python.exe
cachedir: .pytest_cache
rootdir: C:\Users\safal\OneDrive\Documente\GitHub\resonance-liminal\backend
configfile: pytest.ini
plugins: anyio-4.9.0, asyncio-1.1.0
asyncio: mode=Mode.STRICT, asyncio_default_fixture_loop_scope=None, asyncio_default_test_loop_scope=function
collecting ... collected 4 items

tests/test_jwt_edge_cases.py::TestJWTEdgeCases::test_expired_token FAILED [ 25%]
tests/test_jwt_edge_cases.py::TestJWTEdgeCases::test_invalid_token_format FAILED [ 50%]
tests/test_jwt_edge_cases.py::TestJWTEdgeCases::test_channel_unsubscribe FAILED [ 75%]
tests/test_jwt_edge_cases.py::TestJWTEdgeCases::test_reconnect_with_new_token FAILED [100%]

================================== FAILURES ===================================
_____________________ TestJWTEdgeCases.test_expired_token _____________________
tests\test_jwt_edge_cases.py:38: in test_expired_token
    assert "\u0422\u043e\u043a\u0435\u043d \u0438\u0441\u0442\u0435\u043a" in response.json()["detail"]
E   AssertionError: assert '\u0422\u043e\u043a\u0435\u043d \u0438\u0441\u0442\u0435\u043a' in '\u041d\u0435\u0434\u0435\u0439\u0441\u0442\u0432\u0438\u0442\u0435\u043b\u044c\u043d\u044b\u0439 \u0442\u043e\u043a\u0435\u043d'
_________________ TestJWTEdgeCases.test_invalid_token_format __________________
tests\test_jwt_edge_cases.py:99: in test_invalid_token_format
    asyncio.run(test_ws())
C:\Program Files\WindowsApps\PythonSoftwareFoundation.Python.3.11_3.11.2544.0_x64__qbz5n2kfra8p0\Lib\asyncio\runners.py:190: in run
    return runner.run(main)
           ^^^^^^^^^^^^^^^^
C:\Program Files\WindowsApps\PythonSoftwareFoundation.Python.3.11_3.11.2544.0_x64__qbz5n2kfra8p0\Lib\asyncio\runners.py:118: in run
    return self._loop.run_until_complete(task)
           ^^^^^^^^^^^^^^^^^^^^^^^^^^^^^^^^^^^
C:\Program Files\WindowsApps\PythonSoftwareFoundation.Python.3.11_3.11.2544.0_x64__qbz5n2kfra8p0\Lib\asyncio\base_events.py:654: in run_until_complete
    return future.result()
           ^^^^^^^^^^^^^^^
tests\test_jwt_edge_cases.py:93: in test_ws
    response = await asyncio.wait_for(websocket.recv(), timeout=2)
               ^^^^^^^^^^^^^^^^^^^^^^^^^^^^^^^^^^^^^^^^^^^^^^^^^^^
C:\Program Files\WindowsApps\PythonSoftwareFoundation.Python.3.11_3.11.2544.0_x64__qbz5n2kfra8p0\Lib\asyncio\tasks.py:489: in wait_for
    return fut.result()
           ^^^^^^^^^^^^
..\.venv\Lib\site-packages\websockets\asyncio\connection.py:322: in recv
    raise self.protocol.close_exc from self.recv_exc
E   websockets.exceptions.ConnectionClosedError: received 1008 (policy violation) Invalid token; then sent 1008 (policy violation) Invalid token
__________________ TestJWTEdgeCases.test_channel_unsubscribe __________________
tests\test_jwt_edge_cases.py:159: in test_channel_unsubscribe
    asyncio.run(test_unsubscribe())
C:\Program Files\WindowsApps\PythonSoftwareFoundation.Python.3.11_3.11.2544.0_x64__qbz5n2kfra8p0\Lib\asyncio\runners.py:190: in run
    return runner.run(main)
           ^^^^^^^^^^^^^^^^
C:\Program Files\WindowsApps\PythonSoftwareFoundation.Python.3.11_3.11.2544.0_x64__qbz5n2kfra8p0\Lib\asyncio\runners.py:118: in run
    return self._loop.run_until_complete(task)
           ^^^^^^^^^^^^^^^^^^^^^^^^^^^^^^^^^^^
C:\Program Files\WindowsApps\PythonSoftwareFoundation.Python.3.11_3.11.2544.0_x64__qbz5n2kfra8p0\Lib\asyncio\base_events.py:654: in run_until_complete
    return future.result()
           ^^^^^^^^^^^^^^^
tests\test_jwt_edge_cases.py:134: in test_unsubscribe
    assert subscribe_data["type"] == "subscribed"
           ^^^^^^^^^^^^^^^^^^^^^^
E   KeyError: 'type'
_______________ TestJWTEdgeCases.test_reconnect_with_new_token ________________
tests\test_jwt_edge_cases.py:195: in test_reconnect_with_new_token
    assert token1 != token2, "\u041d\u043e\u0432\u044b\u0439 \u0442\u043e\u043a\u0435\u043d \u0434\u043e\u043b\u0436\u0435\u043d \u043e\u0442\u043b\u0438\u0447\u0430\u0442\u044c\u0441\u044f \u043e\u0442 \u0441\u0442\u0430\u0440\u043e\u0433\u043e"
E   AssertionError: \u041d\u043e\u0432\u044b\u0439 \u0442\u043e\u043a\u0435\u043d \u0434\u043e\u043b\u0436\u0435\u043d \u043e\u0442\u043b\u0438\u0447\u0430\u0442\u044c\u0441\u044f \u043e\u0442 \u0441\u0442\u0430\u0440\u043e\u0433\u043e
E   assert 'eyJhbGciOiJIUzI1NiIsInR5cCI6IkpXVCJ9.eyJzdWIiOiJ0ZXN0dXNlciIsInVzZXJuYW1lIjoidGVzdHVzZXIiLCJleHAiOjE3NTM3ODk1NzN9.bJ-VnW8OHv4pmfiBRPX9O-YScOG9ad7deyTMqLH31WA' != 'eyJhbGciOiJIUzI1NiIsInR5cCI6IkpXVCJ9.eyJzdWIiOiJ0ZXN0dXNlciIsInVzZXJuYW1lIjoidGVzdHVzZXIiLCJleHAiOjE3NTM3ODk1NzN9.bJ-VnW8OHv4pmfiBRPX9O-YScOG9ad7deyTMqLH31WA'
============================== warnings summary ===============================
..\.venv\Lib\site-packages\pydantic\_internal\_config.py:323
..\.venv\Lib\site-packages\pydantic\_internal\_config.py:323
  c:\Users\safal\OneDrive\Documente\GitHub\resonance-liminal\.venv\Lib\site-packages\pydantic\_internal\_config.py:323: PydanticDeprecatedSince20: Support for class-based `config` is deprecated, use ConfigDict instead. Deprecated in Pydantic V2.0 to be removed in V3.0. See Pydantic V2 Migration Guide at https://errors.pydantic.dev/2.11/migration/
    warnings.warn(DEPRECATION_MESSAGE, DeprecationWarning)

-- Docs: https://docs.pytest.org/en/stable/how-to/capture-warnings.html
=========================== short test summary info ===========================
FAILED tests/test_jwt_edge_cases.py::TestJWTEdgeCases::test_expired_token - AssertionError: assert '\u0422\u043e\u043a\u0435\u043d \u0438\u0441\u0442\u0435\u043a' in '\u041d\u0435\u0434\u0435\u0439\u0441\u0442\u0432\u0438\u0442\u0435\u043b\u044c\u043d\u044b\u0439 \u0442\u043e\u043a\u0435\u043d'
FAILED tests/test_jwt_edge_cases.py::TestJWTEdgeCases::test_invalid_token_format - websockets.exceptions.ConnectionClosedError: received 1008 (policy violation) Invalid token; then sent 1008 (policy violation) Invalid token
FAILED tests/test_jwt_edge_cases.py::TestJWTEdgeCases::test_channel_unsubscribe - KeyError: 'type'
FAILED tests/test_jwt_edge_cases.py::TestJWTEdgeCases::test_reconnect_with_new_token - AssertionError: \u041d\u043e\u0432\u044b\u0439 \u0442\u043e\u043a\u0435\u043d \u0434\u043e\u043b\u0436\u0435\u043d \u043e\u0442\u043b\u0438\u0447\u0430\u0442\u044c\u0441\u044f \u043e\u0442 \u0441\u0442\u0430\u0440\u043e\u0433\u043e\nassert 'eyJhbGciOiJIUzI1NiIsInR5cCI6IkpXVCJ9.eyJzdWIiOiJ0ZXN0dXNlciIsInVzZXJuYW1lIjoidGVzdHVzZXIiLCJleHAiOjE3NTM3ODk1NzN9.bJ-VnW8OHv4pmfiBRPX9O-YScOG9ad7deyTMqLH31WA' != 'eyJhbGciOiJIUzI1NiIsInR5cCI6IkpXVCJ9.eyJzdWIiOiJ0ZXN0dXNlciIsInVzZXJuYW1lIjoidGVzdHVzZXIiLCJleHAiOjE3NTM3ODk1NzN9.bJ-VnW8OHv4pmfiBRPX9O-YScOG9ad7deyTMqLH31WA'
======================== 4 failed, 2 warnings in 2.80s ========================
